file: {
  name: "example/user_add_comment.pps"
  content: "// Code generated by protoc-gen-pubsub-schema. DO NOT EDIT.\n// versions:\n// 	protoc-gen-pubsub-schema v1.5.0\n// 	protoc                   v3.17.3\n// source: example/user_add_comment.proto\n\nsyntax = \"proto2\";\n\nmessage UserAddComment {\n  required User user = 1;\n  required string comment = 2;\n  repeated ExampleCommonLabel labels = 3;\n  required GoogleProtobufTimestamp timestamp = 101;\n\n  message User {\n    required string first_name = 1;\n    optional string last_name = 2;\n    optional bytes avatar = 3;\n    optional Location location = 4;\n    optional GoogleProtobufTimestamp created_at = 5;\n    optional GoogleProtobufTimestamp updated_at = 6;\n\n    message Location {\n      required double longitude = 1;\n      required double latitude = 2;\n    }\n\n    message GoogleProtobufTimestamp {\n      optional int64 seconds = 1;\n      optional int32 nanos = 2;\n    }\n  }\n\n  message ExampleCommonLabel {\n    optional string key = 1;\n    optional string value = 2;\n  }\n\n  message GoogleProtobufTimestamp {\n    optional int64 seconds = 1;\n    optional int32 nanos = 2;\n  }\n}\n"
}
